["http://news.yahoo.com/news/topics/","http://news.yahoo.com/news","http://news.yahoo.com/us","http://news.yahoo.com"]