["http://cno.bytij.top/tcti","http://cno.bytij.top/vqfc","http://cno.bytij.top/dqzs","http://cno.bytij.top/pqta","http://cno.bytij.top/rylq","http://cno.bytij.top/dubk","http://cno.bytij.top/zejm","http://cno.bytij.top/vipy","http://cno.bytij.top/hupm","http://cno.bytij.top/vina","http://cno.bytij.top/nufc","http://cno.bytij.top/xujw","http://cno.bytij.top/pshw","http://cno.bytij.top/fobu","http://cno.bytij.top/hgzg","http://cno.bytij.top/hwpg","http://cno.bytij.top/dkbg","http://cno.bytij.top/bchw","http://cno.bytij.top/fefk","http://cno.bytij.top/xsbc","http://cno.bytij.top/dspg","http://cno.bytij.top/tsfw","http://cno.bytij.top/rufy","http://cno.bytij.top/ngls","http://cno.bytij.top/xkls","http://cno.bytij.top/delk","http://cno.bytij.top/jure","http://cno.bytij.top/nyvg"]