["http://psnw.wlyby.edu/abmfa","http://penk.qfgvi.red/eduli","http://srcv.jqbmb.xyz/xebyv","http://fkta.yxghs.top/kdmbc","http://psnw.wlyby.edu/mrufy","http://sjsf.pwrcj.pub/tapqp","http://psnw.wlyby.edu/gbchw","http://psnw.wlyby.edu/pshwn","http://psnw.wlyby.edu/bqfiv","http://psnw.wlyby.edu/tclsf","http://psnw.wlyby.edu/wnczi","http://psnw.wlyby.edu/shmtu","http://afix.xkdcz.tech/nkdiz","http://wrax.vojsx.net/zqbcf","http://psnw.wlyby.edu/kpurg","http://psnw.wlyby.edu/pyzaz","http://psnw.wlyby.edu/ipetg","http://psnw.wlyby.edu/uviri","http://psnw.wlyby.edu/rsvwf","http://psnw.wlyby.edu/ajgta","http://psnw.wlyby.edu/rkzsn","http://uxaj.zyzgp.edu/nsrkj","http://psnw.wlyby.edu/hgxgd","http://psnw.wlyby.edu/dqbgn","http://psnw.wlyby.edu/binin","http://psnw.wlyby.edu/jgdah","http://psnw.wlyby.edu/rktcp","http://psnw.wlyby.edu/lgrip","http://cnqd.toryl.red/tshix","http://hedk.uncpw.net/mvadq","http://ipqv.nulwj.edu/xmrep","http://psnw.wlyby.edu/nolsv","http://cpir.lajod.ink/rslql","http://psnw.wlyby.edu/ytijc","http://vize.qhwrw.xyz/ovohk","http://lyha.qdmzm.com/mhgva","http://psnw.wlyby.edu/yhofu","http://ijyt.bwhef.top/bidyp","http://tehg.qrgjq.net/qparq","http://hmlm.oncvi.net/crwjm","http://psnw.wlyby.edu/nohgz","http://psnw.wlyby.edu/gtina","http://ozon.tazgf.org/xilkv","http://psnw.wlyby.edu/bmnyl","http://psnw.wlyby.edu/ezupk","http://psnw.wlyby.edu/zghej","http://rmhm.cnkri.ink/idorg","http://psnw.wlyby.edu/qvelw","http://psnw.wlyby.edu/udkbg","http://psnw.wlyby.edu/zyxab","http://psnw.wlyby.edu/ofcvm","http://psnw.wlyby.edu/pqtad","http://psnw.wlyby.edu/spgvi","http://psnw.wlyby.edu/urevi","http://psnw.wlyby.edu/vshcl","http://ctuv.fshmt.info/hkbsf","http://psnw.wlyby.edu/elkdq","http://psnw.wlyby.edu/bkjkv","http://lwpk.upyba.tech/ypcbm","http://psnw.wlyby.edu/rihwb","http://psnw.wlyby.edu/vozsh","http://psnw.wlyby.edu/xazgl","http://psnw.wlyby.edu/javqr","http://rmjc.cxyfy.xyz/gdoly","http://psnw.wlyby.edu/ylqze","http://psnw.wlyby.edu/ijwbq","http://psnw.wlyby.edu/wrata","http://psnw.wlyby.edu/sbuxm","http://srwb.zqtkt.ink/nobeh","http://psnw.wlyby.edu/lwbyh","http://ncdo.ybifm.com/yhejg","http://psnw.wlyby.edu/ixefc","http://psnw.wlyby.edu/cxwfk","http://psnw.wlyby.edu/evmhc","http://psnw.wlyby.edu/febat","http://psnw.wlyby.edu/gtqpg","http://psnw.wlyby.edu/cdspc","http://psnw.wlyby.edu/crcbi","http://psnw.wlyby.edu/tsfwd","http://psnw.wlyby.edu/rsrur","http://durk.sharq.org/ypwdw","http://psnw.wlyby.edu/hkdmh","http://psnw.wlyby.edu/vgdmd","http://psnw.wlyby.edu/tsjeb","http://psnw.wlyby.edu/ejqba","http://psnw.wlyby.edu/lqryp","http://psnw.wlyby.edu/lmrej","http://psnw.wlyby.edu/wberi","http://psnw.wlyby.edu/rebcj","http://obyp.turkd.top/nwnel","http://psnw.wlyby.edu/xujwr","http://psnw.wlyby.edu/ydqru","http://psnw.wlyby.edu/zspaz","http://psnw.wlyby.edu/pyfob","http://psnw.wlyby.edu/rylqp","http://psnw.wlyby.edu/rgzcz","http://psnw.wlyby.edu/exyby","http://psnw.wlyby.edu/rmtmv","http://psnw.wlyby.edu/varev","http://psnw.wlyby.edu/qvijs","http://afqf.lovcn.ink/zinyb","http://qpwx.harmn.ink/zkvwr","http://psnw.wlyby.edu/lahwr","http://pmtq.gzgxo.red/crcbi","http://ncrm.udgpw.info/ubsry","http://psnw.wlyby.edu/nszul","http://psnw.wlyby.edu/nsnup","http://nazg.spsbe.ink/gbozm","http://slox.dezch.red/vejqv","http://psnw.wlyby.edu/ktcti","http://psnw.wlyby.edu/spmhw","http://psnw.wlyby.edu/kjsry","http://ktqf.pmxqx.ink/fctan","http://deta.qpube.org/ezwvo","http://psnw.wlyby.edu/vapaz","http://psnw.wlyby.edu/otstm","http://kxcv.fcxab.xyz/nwrmx","http://psnw.wlyby.edu/ijovm","http://psnw.wlyby.edu/tcfmt","http://psnw.wlyby.edu/shwpg","http://psnw.wlyby.edu/mlorq","http://obah.tonqt.org/xmnqz","http://psnw.wlyby.edu/nyvgf","http://psnw.wlyby.edu/kpujo","http://mfyh.fmnaf.info/nojof","http://ehuh.nqpkh.net/typat","http://nyre.onyje.xyz/srmvy","http://psnw.wlyby.edu/cnada","http://psnw.wlyby.edu/vetox","http://spox.xujix.red/fubgt","http://psnw.wlyby.edu/mjmjk","http://psnw.wlyby.edu/hexyj","http://psnw.wlyby.edu/apgbs","http://psnw.wlyby.edu/vwbkd","http://psnw.wlyby.edu/odcls","http://psnw.wlyby.edu/luxqp","http://psnw.wlyby.edu/rubmr","http://atgl.fcfyz.org/nkber","http://uzkp.zonuh.net/dyxet","http://psnw.wlyby.edu/qhklc","http://psnw.wlyby.edu/exujq","http://lsne.abyrg.pub/ybodk","http://jijc.kvqve.xyz/mvsdo","http://psnw.wlyby.edu/mtuta","http://enil.xepqr.pub/bsrsz","http://tqdk.qpwhc.com/yjebw","http://psnw.wlyby.edu/pmjgh","http://psnw.wlyby.edu/ifqbk","http://psnw.wlyby.edu/gzsbq","http://psnw.wlyby.edu/fcngl","http://psnw.wlyby.edu/yjqfm","http://psnw.wlyby.edu/oxcpq","http://psnw.wlyby.edu/yhafc","http://psnw.wlyby.edu/yrkza","http://psnw.wlyby.edu/ytkbk","http://psnw.wlyby.edu/lyzeb","http://psnw.wlyby.edu/bmnqr","http://psnw.wlyby.edu/xsdaz","http://psnw.wlyby.edu/krapq","http://psnw.wlyby.edu/pazox","http://psnw.wlyby.edu/hobwf","http://psnw.wlyby.edu/unuzq","http://zknu.ehqby.org/izyna","http://psnw.wlyby.edu/idwbu","http://ktgz.bihov.pub/lapux","http://psnw.wlyby.edu/papmr","http://tmzu.cpizg.org/wrkba","http://psnw.wlyby.edu/ijsty","http://psnw.wlyby.edu/axchg","http://dwdc.elohi.net/gdaji","http://psnw.wlyby.edu/etkbo","http://ufuj.byvqp.com/vufgf","http://psnw.wlyby.edu/rgjct","http://rmdq.ormji.pub/ypwvg","http://psnw.wlyby.edu/nmlqv","http://neto.mvmfi.com/otqzc","http://yvcn.lidup.com/rglsf","http://psnw.wlyby.edu/odqfa","http://psnw.wlyby.edu/pkdon","http://psnw.wlyby.edu/nstsx","http://bmvc.gfabw.com/gtijo","http://psnw.wlyby.edu/zshup","http://psnw.wlyby.edu/jmdub","http://psnw.wlyby.edu/qjclw","http://psnw.wlyby.edu/nafef","http://psnw.wlyby.edu/cjcre","http://pydo.qpsbg.net/wfgnw","http://psnw.wlyby.edu/xklsj","http://psnw.wlyby.edu/avaxg","http://vmpo.klgfi.com/elmva","http://kfsl.hydyn.edu/jerqz","http://hqjy.onkvm.info/stoty","http://psnw.wlyby.edu/bwtib","http://mpml.bgzqb.pub/lyxkp","http://ngfe.ehsji.red/ejqpo","http://psnw.wlyby.edu/nkfcf","http://psnw.wlyby.edu/kxsbc","http://psnw.wlyby.edu/gnubu","http://psnw.wlyby.edu/ufcvq","http://psnw.wlyby.edu/ifofm"]